16:12:11 **** Incremental Build of configuration Debug for project STM32_Nucelo_H723ZG_ADC ****
make -j20 all 
arm-none-eabi-gcc "../Core/Src/main.c" -mcpu=cortex-m7 -std=gnu11 -g3 -DDEBUG -DUSE_HAL_DRIVER -DSTM32H723xx -c -I../Core/Inc -I../Drivers/STM32H7xx_HAL_Driver/Inc -I../Drivers/STM32H7xx_HAL_Driver/Inc/Legacy -I../Drivers/CMSIS/Device/ST/STM32H7xx/Include -I../Drivers/CMSIS/Include -I../LWIP/App -I../LWIP/Target -I../Middlewares/Third_Party/LwIP/src/include -I../Middlewares/Third_Party/LwIP/system -I../Middlewares/Third_Party/FreeRTOS/Source/include -I../Middlewares/Third_Party/FreeRTOS/Source/CMSIS_RTOS_V2 -I../Middlewares/Third_Party/FreeRTOS/Source/portable/GCC/ARM_CM4F -I../Drivers/BSP/Components/lan8742 -I../Middlewares/Third_Party/LwIP/src/include/netif/ppp -I../Middlewares/Third_Party/LwIP/src/include/lwip -I../Middlewares/Third_Party/LwIP/src/include/lwip/apps -I../Middlewares/Third_Party/LwIP/src/include/lwip/priv -I../Middlewares/Third_Party/LwIP/src/include/lwip/prot -I../Middlewares/Third_Party/LwIP/src/include/netif -I../Middlewares/Third_Party/LwIP/src/include/compat/posix -I../Middlewares/Third_Party/LwIP/src/include/compat/posix/arpa -I../Middlewares/Third_Party/LwIP/src/include/compat/posix/net -I../Middlewares/Third_Party/LwIP/src/include/compat/posix/sys -I../Middlewares/Third_Party/LwIP/src/include/compat/stdc -I../Middlewares/Third_Party/LwIP/system/arch -O2 -ffunction-sections -fdata-sections -Wall -fstack-usage -fcyclomatic-complexity -MMD -MP -MF"Core/Src/main.d" -MT"Core/Src/main.o" --specs=nano.specs -mfpu=fpv5-d16 -mfloat-abi=hard -mthumb -o "Core/Src/main.o"
../Core/Src/main.c:78:13: warning: 'MPU_Initialize' declared 'static' but never defined [-Wunused-function]
   78 | static void MPU_Initialize(void);
      |             ^~~~~~~~~~~~~~
arm-none-eabi-gcc -o "STM32_Nucelo_H723ZG_ADC.elf" @"objects.list"   -mcpu=cortex-m7 -T"C:\Users\Jack\Projects\MASA\STM32-Testing\STM32_Nucelo_H723ZG_ADC\STM32H723ZGTX_FLASH.ld" --specs=nosys.specs -Wl,-Map="STM32_Nucelo_H723ZG_ADC.map" -Wl,--gc-sections -static --specs=nano.specs -mfpu=fpv5-d16 -mfloat-abi=hard -mthumb -Wl,--start-group -lc -lm -Wl,--end-group
Finished building target: STM32_Nucelo_H723ZG_ADC.elf
 
arm-none-eabi-size   STM32_Nucelo_H723ZG_ADC.elf 
arm-none-eabi-objdump -h -S  STM32_Nucelo_H723ZG_ADC.elf  > "STM32_Nucelo_H723ZG_ADC.list"
   text	   data	    bss	    dec	    hex	filename
  86128	    148	  88444	 174720	  2aa80	STM32_Nucelo_H723ZG_ADC.elf
Finished building: default.size.stdout
 
Finished building: STM32_Nucelo_H723ZG_ADC.list
 

16:12:13 Build Finished. 0 errors, 1 warnings. (took 2s.220ms)

