15:42:08 **** Incremental Build of configuration Debug for project stm32-nucleo-h723zg-blinky ****
make -j20 all 
arm-none-eabi-gcc "../Core/Src/main.c" -mcpu=cortex-m7 -std=gnu11 -g3 -DDEBUG -DUSE_HAL_DRIVER -DSTM32H723xx -c -I../Core/Inc -I../Drivers/STM32H7xx_HAL_Driver/Inc -I../Drivers/STM32H7xx_HAL_Driver/Inc/Legacy -I../Drivers/CMSIS/Device/ST/STM32H7xx/Include -I../Drivers/CMSIS/Include -I../Middlewares/Third_Party/FreeRTOS/Source/include -I../Middlewares/Third_Party/FreeRTOS/Source/CMSIS_RTOS_V2 -I../Middlewares/Third_Party/FreeRTOS/Source/portable/GCC/ARM_CM4F -O0 -ffunction-sections -fdata-sections -Wall -fstack-usage -fcyclomatic-complexity -MMD -MP -MF"Core/Src/main.d" -MT"Core/Src/main.o" --specs=nano.specs -mfpu=fpv5-d16 -mfloat-abi=hard -mthumb -o "Core/Src/main.o"
../Core/Src/main.c:75:13: warning: 'MPU_Initialize' declared 'static' but never defined [-Wunused-function]
   75 | static void MPU_Initialize(void);
      |             ^~~~~~~~~~~~~~
arm-none-eabi-gcc -o "stm32-nucleo-h723zg-blinky.elf" @"objects.list"   -mcpu=cortex-m7 -T"C:\Users\Jack\Projects\MASA\STM32-Testing\stm32-nucleo-h723zg-blinky\STM32H723ZGTX_FLASH.ld" --specs=nosys.specs -Wl,-Map="stm32-nucleo-h723zg-blinky.map" -Wl,--gc-sections -static --specs=nano.specs -mfpu=fpv5-d16 -mfloat-abi=hard -mthumb -Wl,--start-group -lc -lm -Wl,--end-group
Finished building target: stm32-nucleo-h723zg-blinky.elf
 
arm-none-eabi-size   stm32-nucleo-h723zg-blinky.elf 
arm-none-eabi-objdump -h -S  stm32-nucleo-h723zg-blinky.elf  > "stm32-nucleo-h723zg-blinky.list"
   text	   data	    bss	    dec	    hex	filename
  33156	     28	  20500	  53684	   d1b4	stm32-nucleo-h723zg-blinky.elf
Finished building: default.size.stdout
 
Finished building: stm32-nucleo-h723zg-blinky.list
 

15:42:09 Build Finished. 0 errors, 1 warnings. (took 1s.807ms)

