22:24:43 **** Incremental Build of configuration Debug for project stm32_nucleo_h723zg_ADC ****
make -j20 all 
arm-none-eabi-gcc "../Core/Src/main.c" -mcpu=cortex-m7 -std=gnu11 -g3 -DDEBUG -DUSE_HAL_DRIVER -DSTM32H723xx -c -I../Core/Inc -I../Drivers/STM32H7xx_HAL_Driver/Inc -I../Drivers/STM32H7xx_HAL_Driver/Inc/Legacy -I../Drivers/CMSIS/Device/ST/STM32H7xx/Include -I../Drivers/CMSIS/Include -I../LWIP/App -I../LWIP/Target -I../Middlewares/Third_Party/LwIP/src/include -I../Middlewares/Third_Party/LwIP/system -I../Middlewares/Third_Party/FreeRTOS/Source/include -I../Middlewares/Third_Party/FreeRTOS/Source/CMSIS_RTOS_V2 -I../Middlewares/Third_Party/FreeRTOS/Source/portable/GCC/ARM_CM4F -I../Drivers/BSP/Components/lan8742 -I../Middlewares/Third_Party/LwIP/src/include/netif/ppp -I../Middlewares/Third_Party/LwIP/src/include/lwip -I../Middlewares/Third_Party/LwIP/src/include/lwip/apps -I../Middlewares/Third_Party/LwIP/src/include/lwip/priv -I../Middlewares/Third_Party/LwIP/src/include/lwip/prot -I../Middlewares/Third_Party/LwIP/src/include/netif -I../Middlewares/Third_Party/LwIP/src/include/compat/posix -I../Middlewares/Third_Party/LwIP/src/include/compat/posix/arpa -I../Middlewares/Third_Party/LwIP/src/include/compat/posix/net -I../Middlewares/Third_Party/LwIP/src/include/compat/posix/sys -I../Middlewares/Third_Party/LwIP/src/include/compat/stdc -I../Middlewares/Third_Party/LwIP/system/arch -O2 -ffunction-sections -fdata-sections -Wall -fstack-usage -fcyclomatic-complexity -MMD -MP -MF"Core/Src/main.d" -MT"Core/Src/main.o" --specs=nano.specs -mfpu=fpv5-d16 -mfloat-abi=hard -mthumb -o "Core/Src/main.o"
../Core/Src/main.c:73:13: warning: 'MPU_Initialize' declared 'static' but never defined [-Wunused-function]
   73 | static void MPU_Initialize(void);
      |             ^~~~~~~~~~~~~~
arm-none-eabi-gcc -o "stm32_nucleo_h723zg_ADC.elf" @"objects.list"   -mcpu=cortex-m7 -T"C:\Users\Jack\Projects\MASA\STM32-Testing\stm32_nucleo_h723zg_ADC\STM32H723ZGTX_FLASH.ld" --specs=nosys.specs -Wl,-Map="stm32_nucleo_h723zg_ADC.map" -Wl,--gc-sections -static --specs=nano.specs -mfpu=fpv5-d16 -mfloat-abi=hard -mthumb -Wl,--start-group -lc -lm -Wl,--end-group
Finished building target: stm32_nucleo_h723zg_ADC.elf
 
arm-none-eabi-size   stm32_nucleo_h723zg_ADC.elf 
arm-none-eabi-objdump -h -S  stm32_nucleo_h723zg_ADC.elf  > "stm32_nucleo_h723zg_ADC.list"
   text	   data	    bss	    dec	    hex	filename
  72112	  19159	  68992	 160263	  27207	stm32_nucleo_h723zg_ADC.elf
Finished building: default.size.stdout
 
Finished building: stm32_nucleo_h723zg_ADC.list
 

22:24:46 Build Finished. 0 errors, 1 warnings. (took 2s.116ms)

